40
30
WWWWWWWWWWWWWWWWWWWWWWWWWWWWWWWWWWWWWWWW
W                                      W
WPPPPPPPPPPPPPP         PPPPPPPPPPPPPPPW
WPPPPPPPPPPPPPP         PPPPPPPPPPPPPPPW
W                                      W
W                                      W
WPPPPPPPPPPPPPP         PPPPPPPPPPPPPPPW
WPPPPPPPPPPPPPP         PPPPPPPPPPPPPPPW
W                                      W
W                                      W
WPPPPPPPPPPPPPP         PPPPPPPPPPPPPPPW
WPPPPPPPPPPPPPP         PPPPPPPPPPPPPPPW
W                                      W
W                                      W
WPPPPPPPPPPPPPP         PPPPPPPPPPPPPPPW
WPPPPPPPPPPPPPP         PPPPPPPPPPPPPPPW
W                                      W
W                                      W
WPPPPPPPPPPPPPP         PPPPPPPPPPPPPPPW
WPPPPPPPPPPPPPP         PPPPPPPPPPPPPPPW
W                                      W
W                                      W
WPPPPPPPPPPPPPP         PPPPPPPPPPPPPPPW
WPPPPPPPPPPPPPP         PPPPPPPPPPPPPPPW
W                                      W
W                                      W
WPPPPPPPPPPPPPP         PPPPPPPPPPPPPPPW
WPPPPPPPPPPPPPP         PPPPPPPPPPPPPPPW
W                                      W
WWWWWWWWWWWWWWWWWWWWWWWWWWWWWWWWWWWWWWWW
