40
30
WWWWWWWWWWWWWWWWWWWWWWWWWWWWWWWWWWWWWWWW
WWWWWWWW                               W
WWWWWWWW                 PPPPPPPPPPPPPPW
WWWWWWWW                               W
WWWWWWWW             WWW PPPPPPPPPPPPPPW
WWWWWWWW             WWW               W
WPPPPPPPPPPPPP           PPPPPPPPPPPPPPW
W                                      W
WPPPPPPPPPPPPP           PPPPPPPPPPPPPPW
W                                      W
WPPPPPPPPPPPPP       WWW PPPPPPPPPPPPPPW
W                    WWW               W
WPPPPPPPPPPPPP           PPPPPPPPPPPPPPW
W                                      W
WPPPPPPPPPPPPP           PPPPPPPPPPPPPPW
W                                      W
WPPPPPPPPPPPPP       WWW PPPPPPPPPPPPPPW
W                    WWW               W
WPPPPPPPPPPPPP           PPPPPPPPPPPPPPW
W                                      W
WPPPPPPPPPPPPP           PPPPPPPPPPPPPPW
W                                      W
WPPPPPPPPPPPPP       WWW PPPPPPPPPPPPPPW
W                    WWW               W
W                        PPPPPPPPPPPPPPW
WWWWWWWW                               W
WWWWWWWW             WWW PPPPPPPPPPPPPPW
WWWWWWWW             WWW               W
WWWWWWWW                 PPPPPPPPPPPPPPW
WWWWWWWW                               W
WWWWWWWWWWWWWWWWWWWWWWWWWWWWWWWWWWWWWWWW
