40
30
WWWWWWWWWWWWWWWWWWWWWWWWWWWWWWWWWWWWWWWW
WWWWWWWW           S                   W
WWWWWWWW                 PPPPPPPPPPPPP W
WWWWWWWW                               W
WWWWWWWW             WWW PPPPPPPPPPPPP W
WWWWWWWW             WWW               W
W PPPPPPPPPPPP           PPPPPPPPPPPPP W
W                                      W
W PPPPPPPPPPPP           PPPPPPPPPPPPP W
W                                      W
W PPPPPPPPPPPP       WWW PPPPPPPPPPPPP W
W                    WWW               W
W PPPPPPPPPPPP           PPPPPPPPPPPPP W
W                                      W
W PPPPPPPPPPPP           PPPPPPPPPPPPP W
W                                      W
W PPPPPPPPPPPP       WWW PPPPPPPPPPPPP W
W                    WWW               W
W PPPPPPPPPPPP           PPPPPPPPPPPPP W
W                                      W
W PPPPPPPPPPPP           PPPPPPPPPPPPP W
W                                      W
W PPPPPPPPPPPP       WWW PPPPPPPPPPPPP W
W                    WWW               W
W                        PPPPPPPPPPPPP W
WWWWWWWW                               W
WWWWWWWW             WWW PPPPPPPPPPPPP W
WWWWWWWW             WWW               W
WWWWWWWW                 PPPPPPPPPPPPP W
WWWWWWWW                               W
WWWWWWWWWWWWWWWWWWWWWWWWWWWWWWWWWWWWWWWW
