40
30
10
WWWWWWWWWWWWWWWWWWWWWWWWWWWWWWWWWWWWWWWW
WWWWWWWWWWWWWWWWWWWWWWWWWWWWWWWWWWWWWWWW
WWWWWWWWWWWWWWWWWWWWWWWWWWWWWWWWWWWWWWWW
WWWWWWWWWWWWWWWWWWWWWWWWWWWWWWWWWWWWWWWW
WWWWWWWWWWWWWWWWWWWWWWWWWWWWWWWWWWWWWWWW
WWWWWWWWWWWWWWWWWWWWWWWWWWWWWWWWWWWWWWWW
WWWWWWWWWWWWWWWWWWWWWWWWWWWWWWWWWWWWWWWW
WWWWWWWWWWWWWWWWWWWWWWWWWWWWWWWWWWWWWWWW
WWWWWWWWWWWWWWWWWWWWWWWWWWWWWWWWWWWWWWWW
WWWWW          E      WWWWWWWWWWWWWWWWWW
WWWWW   P P P P P P P WWWWWWWWWWWWWWWWWW
WWWWW   P P P P P P P WWWWWWWWWWWWWWWWWW
WWWWW   P P P P P P P WWWWWWWWWWWWWWWWWW
WWWWW   P P P P P P P      WWWWWWWWWWWWW
WE                        SWWWWWWWWWWWWW
W                          WWWWWWWWWWWWW
W P P P   P   P P P P P P  WWWWWWWWWWWWW
W P P P P P P P P P P P P  WWWWWWWWWWWWW
W P P PEP P P P P P P PEP  WWWWWWWWWWWWW
W P P P P P P P P P P P P  WWWWWWWWWWWWW
W P P P P P P P P P P P P  WWWWWWWWWWWWW
W P P P P P P P P P P P P  WWWWWWWWWWWWW
W  E                       WWWWWWWWWWWWW
WWWWWWWWWWWWWWWWWWWWWWWWWWWWWWWWWWWWWWWW
WWWWWWWWWWWWWWWWWWWWWWWWWWWWWWWWWWWWWWWW
WWWWWWWWWWWWWWWWWWWWWWWWWWWWWWWWWWWWWWWW
WWWWWWWWWWWWWWWWWWWWWWWWWWWWWWWWWWWWWWWW
WWWWWWWWWWWWWWWWWWWWWWWWWWWWWWWWWWWWWWWW
WWWWWWWWWWWWWWWWWWWWWWWWWWWWWWWWWWWWWWWW
WWWWWWWWWWWWWWWWWWWWWWWWWWWWWWWWWWWWWWWW
