40
30
0
WWWWWWWWWWWWWWWWWWWWWWWWWWWWWWWWWWWWWWWW
W                                      W
W                                      W
W                                      W
W                                      W
W                                      W
W                                      W
W                                      W
W                                      W
W                                      W
W                                      W
W                                      W
W                                      W
W                                      W
W                                      W
W                                      W
W                                      W
W                                      W
W                                      W
W                                      W
W                                      W
W                                      W
W                                      W
W                                      W
W                                      W
W                                      W
W                                      W
W                                      W
W                                      W
WWWWWWWWWWWWWWWWWWWWWWWWWWWWWWWWWWWWWWWW
