40
30
WWWWWWWWWWWWWWWWWWWWWWWWWWWWWWWWWWWWWWWW
W      E WWWWWWWWWWWWWWWWWWWWWWWWWWWWWWW
W PPPP   WWWWWWWWWWWWWWWWWWWWWWWWWWWWWWW
W        WWWWWWWWWWWWWWWWWWWWWWWWWWWWWWW
W PPPPP  WWWWWWWWWWWWWWWWWWWWWWWWWWWWWWW
W        WWWWWWWWWWWWWWWWWWWWWWWWWWWWWWW
W PPPPP  WWWWWWWWWWWWWWWWWWWWWWWWWWWWWWW
WE       WWWWWWWWWWWWWWWWWWWWWWWWWWWWWWW
W PPPPP  WWWWWWWWWWWWWWWWWWWWWWWWWWWWWWW
W        WWWWWWWWWWWWWWWWWWWWWWWWWWWWWWW
W PPPPP  WWWWWWWWWWWWWWWWWWWWWWWWWWWWWWW
W        WWWWWWWWWWWWWWWWWWWWWWWWWWWWWWW
W PPPPP  WWWWWWWWWWWWWWWWWWWWWWWWWWWWWWW
W                 WWWWWWWWWWWWWWWWWWWWWW
W PPPPPPPPPPPPPP  WWWWWWWWWWWWWWWWWWWWWW
W E               WWWWWWWWWWWWWWWWWWWWWW
W PPPPPPPPPPPPPP  WWWWWWWWWWWWWWWWWWWWWW
W                 SWWWWWWWWWWWWWWWWWWWWW
W PPPPPPPPPPPPPP   WWWWWWWWWWWWWWWWWWWWW
W                 WWWWWWWWWWWWWWWWWWWWWW
W PPPPPPPPPPPPPP  WWWWWWWWWWWWWWWWWWWWWW
W                 WWWWWWWWWWWWWWWWWWWWWW
W  PPPPPPPPPPPPP  WWWWWWWWWWWWWWWWWWWWWW
W                 WWWWWWWWWWWWWWWWWWWWWW
W E       E PPPP  WWWWWWWWWWWWWWWWWWWWWW
W                 WWWWWWWWWWWWWWWWWWWWWW
WWWWWWWWWWWWWWWWWWWWWWWWWWWWWWWWWWWWWWWW
WWWWWWWWWWWWWWWWWWWWWWWWWWWWWWWWWWWWWWWW
WWWWWWWWWWWWWWWWWWWWWWWWWWWWWWWWWWWWWWWW
WWWWWWWWWWWWWWWWWWWWWWWWWWWWWWWWWWWWWWWW
