40
30
WWWWWWWWWWWWWWWWWWWWWWWWWWWWWWWWWWWWWWWW
W        WWWWWWWWWWWWWWWWWWWWWWWWWWWWWWW
W PPPP   WWWWWWWWWWWWWWWWWWWWWWWWWWWWWWW
W        WWWWWWWWWWWWWWWWWWWWWWWWWWWWWWW
W PPPPP  WWWWWWWWWWWWWWWWWWWWWWWWWWWWWWW
W        WWWWWWWWWWWWWWWWWWWWWWWWWWWWWWW
W PPPPP  WWWWWWWWWWWWWWWWWWWWWWWWWWWWWWW
W        WWWWWWWWWWWWWWWWWWWWWWWWWWWWWWW
W PPPPP  WWWWWWWWWWWWWWWWWWWWWWWWWWWWWWW
W        WWWWWWWWWWWWWWWWWWWWWWWWWWWWWWW
W PPPPP  WWWWWWWWWWWWWWWWWWWWWWWWWWWWWWW
W        WWWWWWWWWWWWWWWWWWWWWWWWWWWWWWW
W PPPPP  WWWWWWWWWWWWWWWWWWWWWWWWWWWWWWW
W                 WWWWWWWWWWWWWWWWWWWWWW
W PPPPPPPPPPPPPP  WWWWWWWWWWWWWWWWWWWWWW
W                 WWWWWWWWWWWWWWWWWWWWWW
W PPPPPPPPPPPPPP  WWWWWWWWWWWWWWWWWWWWWW
W                 WWWWWWWWWWWWWWWWWWWWWW
W PPPPPPPPPPPPPP  WWWWWWWWWWWWWWWWWWWWWW
W                 WWWWWWWWWWWWWWWWWWWWWW
W PPPPPPPPPPPPPP  WWWWWWWWWWWWWWWWWWWWWW
W                 WWWWWWWWWWWWWWWWWWWWWW
W  PPPPPPPPPPPPP  WWWWWWWWWWWWWWWWWWWWWW
W                 WWWWWWWWWWWWWWWWWWWWWW
W           PPPP  WWWWWWWWWWWWWWWWWWWWWW
W                 WWWWWWWWWWWWWWWWWWWWWW
WWWWWWWWWWWWWWWWWWWWWWWWWWWWWWWWWWWWWWWW
WWWWWWWWWWWWWWWWWWWWWWWWWWWWWWWWWWWWWWWW
WWWWWWWWWWWWWWWWWWWWWWWWWWWWWWWWWWWWWWWW
WWWWWWWWWWWWWWWWWWWWWWWWWWWWWWWWWWWWWWWW
WWWWWWWWWWWWWWWWWWWWWWWWWWWWWWWWWWWWWWWW
