40
30
WWWWWWWWWWWWWWWWWWWWWWWWWWWWWWWWWWWWWWWW
W   W                 W       W        W
W   W P P P PW        W       W        W
W   W P P P PW        W       W        W
W   W P P P PW        W       W        W
W   W P P P PW        W       W        W
W   W P P P PW        W       W        W
W   W P P P PW        W       W        W
W   W P P P PW        W       W        W
W   W P P P PW                W        W
W   W P P P PW        W       W        W
W   W        W        W       W        W
W   W        W        W       W        W
WWWWWWW WWWWWWWWWWWWWWWWWWWWWWWWWWW WWWW
W                                      W
WS                                     W
W                                      W
WWWWWW WWWW WWWWWWW WWWWW WWWW WWWWWW WW
W       W       W          W           W
W  P P PW  P P PW P P P P PW P P P P P W
W  P P PW  P P PW P P P P PW P P P P P W
W  P P PW  P P PW P P P P PW P P P P P W
W  P P PW  P P PW P P P P PW P P P P P W
W  P P PW  P P PW P P P P PW P P P P P W
W  P P PW  P P PW P P P P PW P P P P P W
W  P P PW  P P PW P P P P PW P P P P P W
W  P P PW  P P PW P P P P PW P P P P P W
W  P P PW  P P PW P P P P PW P P P P P W
W                                      W
WWWWWWWWWWWWWWWWWWWWWWWWWWWWWWWWWWWWWWWW
