40
30
20
WWWWWWWWWWWWWWWWWWWWWWWWWWWWWWWWWWWWWWWW
W   W  E                               W
W   W P P P PW        W P P P W P P P PW
W   W P P P PW        W P P P W P P P PW
W   W P P P PW        W P P P W P P P PW
W   W P P P PW        W P P P W P P P PW
W   W P P P PW        W P P P W P P P PW
W   W P P P PW        W P P P W P P P PW
W   W P P P PW        W P P P W P P P PW
W   W P P P PW          P P P W P P P PW
W   W P P P PW    E   W P P P W P P P PW
W   W        W        W       W        W
W   W        W        W       W        W
WWWWWWW WWWWWWWWWWWWWWWWWWWWWWWWWWW WWWW
W                                      W
WS                             E       W
W                                      W
WWWWWWWWWWW WWWWWWW WWWWW WWWW WWWWWW WW
WWWWWWWWW       W  E       W           W
WWWWWWWWW  P P PW P P P P PW P P P P P W
WWWWWWWWW  P P PW P P P P PW P P P P P W
WWWWWWWWW  P P PW P P P P PW P P P P P W
WWWWWWWWW  P P PW P P P P PW P P P P P W
WWWWWWWWW  P P PW P P P P PW P P P P P W
WWWWWWWWW  P P PW P P P P PW P P P P P W
WWWWWWWWW  P P PW P P P P PW P P P P P W
WWWWWWWWW  P P PW P P P P PW P P P P P W
WWWWWWWWW  P P PW P P P P PW P P P P P W
WWWWWWWWW                           E  W
WWWWWWWWWWWWWWWWWWWWWWWWWWWWWWWWWWWWWWWW
